(x0 | x1) & (x0 | -x1) & (-x0 | x1) & (-x0 | -x1)
Start deductive solver for:
(x0 | x1) & (x0 | -x1) & (-x0 | x1) & (-x0 | -x1)
Make decision x0 = 0:
(x1) & (-x1) & (1) & (1)
Unit propagate x1 = 1:
(1) & (0) & (1) & (1)
Reverse previous decision x0 = 1:
(1) & (1) & (x1) & (-x1)
Unit propagate x1 = 1:
(1) & (1) & (1) & (0)
The expression is unSAT!
Bye!
