(x0 | x1) & (x0 | -x1) & (-x0 | x1) & (-x0 | -x1)
The expression is unSAT!
Bye!
